<?xml version="1.0" encoding="UTF-8"?>
<TestRun id="e35a77f5-2ceb-46e1-8356-b08e10115119" name="Christopher@DVN_DESKTOP 2014-08-22 15:29:30" runUser="DVN_DESKTOP\Christopher" xmlns="http://microsoft.com/schemas/VisualStudio/TeamTest/2010">
  <TestSettings name="Local" id="38a1509a-f657-4f03-bcd9-1c58c710b0cf">
    <Description>These are default test settings for a local test run.</Description>
    <Deployment enabled="false" runDeploymentRoot="Christopher_DVN_DESKTOP 2014-08-22 15_29_30">
      <DeploymentItem filename="C:\Users\Christopher\Documents\Visual Studio 2010\Projects\FacialRecognitionSystem\Debug\FacialRecognitionSystemLib.lib" />
    </Deployment>
    <Execution>
      <TestTypeSpecific />
      <AgentRule name="Execution Agents">
      </AgentRule>
    </Execution>
  </TestSettings>
  <Times creation="2014-08-22T15:29:30.3579555+01:00" queuing="2014-08-22T15:29:33.5450842+01:00" start="2014-08-22T15:29:33.7153734+01:00" finish="2014-08-22T15:29:37.0990686+01:00" />
  <ResultSummary outcome="Completed">
    <Counters total="1" executed="1" passed="1" error="0" failed="0" timeout="0" aborted="0" inconclusive="0" passedButRunAborted="0" notRunnable="0" notExecuted="0" disconnected="0" warning="0" completed="0" inProgress="0" pending="0" />
  </ResultSummary>
  <TestDefinitions>
    <UnitTest name="removeColourTest" storage="c:\users\christopher\documents\visual studio 2010\projects\facialrecognitionsystem\debug\facialrecognitionsystemtest.dll" id="8a11e320-7b01-ba53-ed0b-47babbd978c8">
      <Execution id="77e41398-f6f6-4c26-890f-9b38f9c253c1" />
      <TestMethod codeBase="C:/Users/Christopher/Documents/Visual Studio 2010/Projects/FacialRecognitionSystem/Debug/FacialRecognitionSystemTest.DLL" adapterTypeName="Microsoft.VisualStudio.TestTools.TestTypes.Unit.UnitTestAdapter, Microsoft.VisualStudio.QualityTools.Tips.UnitTest.Adapter, Version=10.0.0.0, Culture=neutral, PublicKeyToken=b03f5f7f11d50a3a" className="FacialRecognitionSystemTest.ImageProcessingUnitTest, FacialRecognitionSystemTest, Version=1.0.5347.26084, Culture=neutral, PublicKeyToken=null" name="removeColourTest" />
    </UnitTest>
  </TestDefinitions>
  <TestLists>
    <TestList name="Results Not in a List" id="8c84fa94-04c1-424b-9868-57a2d4851a1d" />
    <TestList name="All Loaded Results" id="19431567-8539-422a-85d7-44ee4e166bda" />
  </TestLists>
  <TestEntries>
    <TestEntry testId="8a11e320-7b01-ba53-ed0b-47babbd978c8" executionId="77e41398-f6f6-4c26-890f-9b38f9c253c1" testListId="8c84fa94-04c1-424b-9868-57a2d4851a1d" />
  </TestEntries>
  <Results>
    <UnitTestResult executionId="77e41398-f6f6-4c26-890f-9b38f9c253c1" testId="8a11e320-7b01-ba53-ed0b-47babbd978c8" testName="removeColourTest" computerName="DVN_DESKTOP" duration="00:00:00.0457704" startTime="2014-08-22T15:29:33.8797210+01:00" endTime="2014-08-22T15:29:35.9856196+01:00" testType="13cdc9d9-ddb5-4fa4-a97d-d965ccfc6d4b" outcome="Passed" testListId="8c84fa94-04c1-424b-9868-57a2d4851a1d" relativeResultsDirectory="77e41398-f6f6-4c26-890f-9b38f9c253c1">
    </UnitTestResult>
  </Results>
</TestRun>